// Jest Snapshot v1, https://goo.gl/fbAQLP

exports[`createService should create mastodon service 1`] = `
MastodonService {
  "accessToken": "sample_mastodon_access_token",
  "accessTokenSecret": undefined,
  "host": "sample_mastodon_host",
  "key": "sample_mastodon_key",
  "mastodonClient": Mastodon {
    "baseUrl": "sample_mastodon_host",
    "client": Client {
      "accessToken": "sample_mastodon_access_token",
      "baseUrl": "sample_mastodon_host",
      "cancelTokenSource": Object {
        "cancel": [Function],
        "token": CancelToken {
          "promise": Promise {
            "catch": [Function],
            "then": [Function],
          },
          "throwIfRequested": [Function],
        },
      },
      "proxyConfig": false,
      "userAgent": "megalodon",
    },
  },
  "secret": "sample_mastodon_secret",
  "username": "sample_mastodon_username",
}
`;

exports[`createService should create twitter service 1`] = `
TwitterService {
  "accessToken": "sample_twitter_access_token",
  "accessTokenSecret": "sample_twitter_access_token_secret",
  "key": "sample_twitter_key",
  "secret": "sample_twitter_secret",
  "twitterClient": TwitterClient {
    "transport": Transport {
      "cache": Cache {
        "cache": Map {},
        "maxByteSize": 16000000,
        "ttl": 360,
      },
      "credentials": Object {
        "accessToken": "sample_twitter_access_token",
        "accessTokenSecret": "sample_twitter_access_token_secret",
        "apiKey": "sample_twitter_key",
        "apiSecret": "sample_twitter_secret",
      },
      "oauth": Object {
        "_accessUrl": "https://api.twitter.com/oauth/access_token",
        "_authorize_callback": null,
        "_clientOptions": Object {
          "accessTokenHttpMethod": "POST",
          "followRedirects": true,
          "requestTokenHttpMethod": "POST",
        },
        "_consumerKey": "sample_twitter_key",
        "_consumerSecret": "sample_twitter_secret",
        "_defaultClientOptions": Object {
          "accessTokenHttpMethod": "POST",
          "followRedirects": true,
          "requestTokenHttpMethod": "POST",
        },
        "_headers": Object {
          "Accept": "*/*",
          "Connection": "close",
          "User-Agent": "Node authentication",
        },
        "_isEcho": false,
        "_nonceSize": 32,
        "_oauthParameterSeperator": ",",
        "_requestUrl": "https://api.twitter.com/oauth/request_token",
        "_signatureMethod": "HMAC-SHA1",
        "_version": "1.0A",
      },
    },
  },
  "username": "sample_twitter_username",
}
`;
